<tr>\r\n\ \ \ \ \ \ \ \ <td\ class="token">(.*)</td>\r\n\ \ \ \ \ \ \ \ <td\ class="addLink"><a\ href="addtime\.rb\?mac=#{mac}"\ w="350"\ type="popup"\ h="170">add\ time</a></td>\r\n\ \ \ \ \ \ \ \ <td\ class="delLink"><a\ href="main\.rb\?action=del&mac=#{mac}">remove</a></td>\r\n\ \ \ \ \ \ \ \ <td\ class="infoLink"><a\ href="info\.rb\?mac=#{mac}"\ w="350"\ type="popup"\ h="180">info</a></td>\r\n\ \ \ \ \ \ </tr>