<!DOCTYPE\ html\ PUBLIC\ "\-//W3C//DTD\ HTML\ 4\.01\ Transitional//EN">\r\n<html>\r\n\r\n<head>\r\n\ \ <script\ language="javascript"\ src="admin\.js"\ type="text/javascript"></script>\r\n\ \ <meta\ content="text/html;\ charset=ISO\-8859\-1"\ http\-equiv="content\-type"></meta>\r\n\ \ <meta\ content="no\-cache"\ http\-equiv="cache\-control"></meta>\r\n\ \ <title>LiTHIUM\ Wireless\ Hotspot\r\n\ \ \ \ Admin\ \(Main\)</title>\r\n\ \ <link\ href="admin\.css"\ rel="stylesheet"></link>\r\n</head>\r\n<body\ onLoad="dopopups\(\)">\r\n<a\ href="main\.rb">Main</a>&nbsp;&nbsp;&nbsp;\r\n<a\ href="logs\.rb">Logs</a><br>\r\n<br>\r\n\r\n<div\ id="container">\r\n\r\n<div>\r\n\ \ <h2>Pending\ Users</h2>\r\n\ \ <table\ id="pendingTable">\r\n\ \ \ \ <tbody>\r\n\ \ \ \ \ \ <tr>\r\n\ \ \ \ \ \ \ \ <td\ class="token">There\ are\ no\ records</td>\r\n\ \ \ \ \ \ \ \ <td\ class="addLink"></td>\r\n\ \ \ \ \ \ \ \ <td\ class="delLink"></td>\r\n\ \ \ \ \ \ \ \ <td\ class="infoLink"></td>\r\n\ \ \ \ \ \ </tr>\r\n\ \ \ \ </tbody>\r\n\ \ </table>\r\n</div>\r\n<div>\r\n\ \ <h2>Online</h2>\r\n\ \ <table\ id="onlineTable">\r\n\ \ \ \ <tbody>\r\n\ \ \ \ \ \ <tr>\r\n\ \ \ \ \ \ \ \ <td\ class="token">There\ are\ no\ records</td>\r\n\ \ \ \ \ \ \ \ <td\ class="addLink"></td>\r\n\ \ \ \ \ \ \ \ <td\ class="delLink"></td>\r\n\ \ \ \ \ \ \ \ <td\ class="infoLink"></td>\r\n\ \ \ \ \ \ \ \ \r\n\ \ \ \ \ \ </tr>\r\n\ \ \ \ </tbody>\r\n\ \ </table>\r\n</div>\r\n<div>\r\n\ \ <h2>Permanent</h2>\r\n\ \ <table\ id="permanentTable">\r\n\ \ \ \ <tbody>\r\n\ \ \ \ \ \ <tr>\r\n\ \ \ \ \ \ \ \ <td\ class="token">There\ are\ no\ records</td>\r\n\ \ \ \ \ \ \ \ <td\ class="delLink"></td>\r\n\ \ \ \ \ \ \ \ <td\ class="infoLink"></td>\r\n\ \ \ \ \ \ </tr>\r\n\ \ \ \ </tbody>\r\n\ \ </table>\r\n</div>\r\n</div>\r\n</body>\r\n</html>\r\n