<!DOCTYPE\ html\ PUBLIC\ "\-//W3C//DTD\ HTML\ 4\.01\ Transitional//EN">\r\n<html>\r\n\r\n<head>\r\n\ \ <script\ language="javascript"\ src="admin\.js"\ type="text/javascript"></script>\r\n\ \ <meta\ content="text/html;\ charset=ISO\-8859\-1"\ http\-equiv="content\-type"></meta>\r\n\ \ <meta\ content="no\-cache"\ http\-equiv="cache\-control"></meta>\r\n\ \ <title>Account\ Information</title>\r\n\ \ <link\ href="admin\.css"\ rel="stylesheet"></link>\r\n</head>\r\n<body>\r\n\ \ <h3>Information\ for\ user\ with\ token:\ "<span>.*</span>"</h3>\r\n\r\n\ \ <table\ id="infoTable">\r\n\ \ \ \ <tbody>\r\n\ \ \ \ \ \ <tr>\r\n\ \ \ \ \ \ \ \ <th>Token:</th><td>(.*)</td>\r\n\ \ \ \ \ \ </tr>\r\n\ \ \ \ \ \ <tr>\r\n\ \ \ \ \ \ \ \ <th>MAC\ Address:</th><td>(.*)</td>\r\n\ \ \ \ \ \ </tr>\r\n\ \ \ \ \ \ <tr>\r\n\ \ \ \ \ \ \ \ <th>Time\ Remaining:</th><td>(.*)</td>\r\n\ \ \ \ \ \ </tr>\r\n\ \ \ \ \ \ <tr>\r\n\ \ \ \ \ \ \ \ <th>Start\ Time:</th><td>(.*)</td>\r\n\ \ \ \ \ \ </tr>\r\n\ \ \ \ \ \ <tr>\r\n\ \ \ \ \ \ \ \ <th>End\ Time:</th><td>(.*)</td>\r\n\ \ \ \ \ \ </tr>\r\n\ \ \ \ \ \ <tr>\r\n\ \ \ \ \ \ \ \ <th>Current\ State:</th><td>(.*)</td>\r\n\ \ \ \ \ \ </tr>\r\n\ \ \ \ </tbody>\r\n\ \ </table>\r\n\ \ <div\ id="buttons">\r\n\ \ \ \ <input\ type="button"\ value="Close\ Window"\ onclick="javascript:window\.close\ \(\)"></input>\r\n\ \ </div>\r\n</html>\r\n