<!DOCTYPE\ html\ PUBLIC\ "\-//W3C//DTD\ HTML\ 4\.01\ Transitional//EN">\r\n<html>\r\n\r\n<head>\r\n\ \ <meta\ content="text/html;\ charset=ISO\-8859\-1"\ http\-equiv="content\-type"></meta>\r\n\ \ <meta\ content="no\-cache"\ http\-equiv="cache\-control"></meta>\r\n\ \ <title>Lithium\ Wireless\ Hotspot</title>\r\n</head>\r\n<body>\r\n\ \ <h1>Welcome\ to\ Lithium\ Wireless</h1>\r\n\ \ <h3>You\ have\ been\ allocated\ the\ token\ <span>(.*)</span></h3>\r\n</body>\r\n</html>\r\n