\n<!DOCTYPE\ HTML\ PUBLIC\ "\-//W3C//DTD\ HTML\ 4\.01\ Transitional//EN"\ "http://www\.w3\.org/TR/html4/loose\.dtd">\ \n<HTML>\n<HEAD>\n<TITLE>WhatIsMyIP\.com\ \-\ 144\.136\.4\.161</TITLE>\n<META\ NAME="Keywords"\ CONTENT="IP,\ address,\ address\ translation,\ proxy,\ firewall,\ dhcp,\ network,\ games,\ voice\ chat,\ tutorials,\ find\ ip\ address,\ ip\ addres,\ whats\ ip,\ ip\ find,\ ipconfig,\ ipaddress">\n<META\ NAME="Description"\ CONTENT="WhatIsMyIP\.com\ is\ the\ easiest\ way\ to\ determine\ your\ IP\ address\.">\n<META\ HTTP\-EQUIV="Pragma"\ CONTENT="no\-cache">\n<LINK\ TITLE=""\ HREF="default\.css"\ TYPE="text/css"\ REL="stylesheet">\n<SCRIPT\ LANGUAGE="JavaScript"\ SRC="default\.js"\ TYPE="text/javascript"></SCRIPT>\n</HEAD>\n<body>\n<TABLE\ width="85%"\ align="center"\ border="0"\ cellpadding="5">\n<TR>\n<TD\ CLASS="navl">\n<SCRIPT\ TYPE="text/javascript"><!\-\-\ \ndoad2\(\);\n\ //\-\-></SCRIPT><BR><BR>\n\ <SCRIPT\ TYPE="text/javascript"><!\-\-\ \ndoad4\(\);\n\ //\-\-></SCRIPT><BR><BR>\n\n<SCRIPT\ TYPE="text/javascript"><!\-\-\nbm\(\);\n//\-\-></SCRIPT>\n</TD>\n<TD>\n<TABLE\ width="100%"\ align="center"\ border="0"\ cellpadding="5">\n<TR>\n<TD\ CLASS="ip">\n<h1>Your\ IP\ Is\ 144\.136\.4\.161</h1>\n<script\ type="text/javascript"><!\-\-\ndisplaycopy\('144\.136\.4\.161'\);\n//\-\-></script>\n</TD>\n</TR>\n<TR>\n<TD\ CLASS="body">\n<H3>Courtesy\ of\ WhatIsMyIP\.com</H3>\n<P>WhatIsMyIP\.com\ is\ the\ fastest\ and\ easiest\ way<BR>to\ determine\ your\ IP\ address\.</P>\n<P><SCRIPT\ TYPE="text/javascript"><!\-\-\ \ndoad3\(\);\n\ //\-\-></SCRIPT></P>\n</TD>\n</TR>\n</TABLE>\n</TD>\n<TD\ CLASS="navr">\n<SCRIPT\ TYPE="text/javascript"><!\-\-\ \ndoad1\(\);\n\ //\-\-></SCRIPT><BR><BR>\n</TD>\n</TR>\n</TABLE>\n</BODY>\n</HTML>\n\n